{"data":{"components":{"edges":[{"node":{"id":"Q29tcG9uZW50CmdiYzZlNGM5ZDM4Y2M0MWJjODllM2Y2MjkxNmIyYmI1Yg==","name":"Component D","abbreviation":"C!D","description":"Whatever component!","availability":{"from":"2019-04-03T00:00:00.000Z","to":null},"categories":["LAYER","MATERIAL","UNIT"]}}]}}}
