{"data":{"createComponent":{"component":{"id":"Q29tcG9uZW50CmdkNmUzYzYwYjIzM2I0OTU4OTk4NTc1OGU0YmU1Mjc5OA==","name":"Component A","abbreviation":"C!A","description":"Best component ever!","availability":null,"categories":[]},"errors":null}}}
