{"data":{"components":{"edges":[{"node":{"id":"Q29tcG9uZW50CmdlZGM3NmM5MjBlYWI0ODRkYmVhMTUyYzExZDVkMWNiYg==","name":"Component A","abbreviation":"C!A","description":"Best component ever!","availability":null,"categories":[]}}]}}}
