{"data":{"components":{"edges":[{"node":{"id":"Q29tcG9uZW50Cmc0NDEyMGQxNjk1MTE0YTFkODZjZDRkZDI2Y2M2ZDI1Zg==","name":"Component A","abbreviation":"C!A","description":"Best component ever!","availability":null,"categories":[]}}]}}}
