{"data":{"components":{"edges":[{"node":{"id":"Q29tcG9uZW50CmdlOTc5ZjE2MWJhZDM0YWM5YWE4NmY0MzhjOWIxYjMwZQ==","name":"Component C","abbreviation":"C!C","description":"Yet another component!","availability":{"from":null,"to":"2021-11-05T20:00:00.000Z"},"categories":["UNIT"]}}]}}}
