{"errors":[{"message":"The current user is not authorized to access this resource.","locations":[{"line":8,"column":5}],"path":["createComponent"],"extensions":{"code":"AUTH_NOT_AUTHENTICATED"}}]}
