{"data":{"components":{"edges":[{"node":{"id":"Q29tcG9uZW50CmdiZWQ3NjEzZjc1MTk0MmY4OGIzYWMxOTUyYTk4MzY4Yg==","name":"Component A","abbreviation":"C!A","description":"Best component ever!","availability":null,"categories":[]}}]}}}
