{"data":{"components":{"edges":[{"node":{"id":"Q29tcG9uZW50Cmc3ZWNkM2IwZjdjMDc0MDBhOWRiM2Q1ODdlMDc4YmM4Nw==","name":"Component A","abbreviation":"C!A","description":"Best component ever!","availability":null,"categories":[]}},{"node":{"id":"Q29tcG9uZW50CmdjYjMwMjI4ZTA4Zjk0ZTNiYjY4NTA1ODA1NWYyY2I0Mw==","name":"Component B","abbreviation":"C!B","description":"Another component!","availability":{"from":"2020-01-01T08:00:00.000Z","to":"2020-11-05T20:00:00.000Z"},"categories":["MATERIAL","UNIT"]}},{"node":{"id":"Q29tcG9uZW50CmdjNTE5ODNiYTVmNGM0OGI0ODQ1NDk0ZjI5YmM0ZjFjMg==","name":"Component C","abbreviation":"C!C","description":"Yet another component!","availability":{"from":null,"to":"2021-11-05T20:00:00.000Z"},"categories":["UNIT"]}},{"node":{"id":"Q29tcG9uZW50CmdhOWYxY2NiMGU4YjQ0ZmE0OGRlZjEwYmRhMWE1YjU1Mw==","name":"Component D","abbreviation":"C!D","description":"Whatever component!","availability":{"from":"2019-04-03T00:00:00.000Z","to":null},"categories":["LAYER","MATERIAL","UNIT"]}}]}}}
