{"data":{"confirmUserEmail":{"user":{"id":"VXNlcgpnOTIxMDFkYmIxYmYwNDAwYTljMmEwNWUxNmQ0YmQ5MDg=","email":"john.doe@ise.fraunhofer.de"},"errors":null}}}
