{"data":{"personalUserData":{"user":{"id":"VXNlcgpnMGMwMDAzMWI5ZWFhNDFiNThmZWJmMTQ2NDBhYzcyNDE=","email":"john.doe@ise.fraunhofer.de"},"errors":null}}}
