{"data":{"deletePersonalUserData":{"user":{"id":"VXNlcgpnMGEzMDhmNjllNmI1NDNhNDk0ZTE2YjFhOWE4NjMwNmY=","email":"john.doe@ise.fraunhofer.de"},"errors":null}}}
