{"data":{"loginUser":{"jwtAccessToken":"TODO Generate JWT Access Token","requiresTwoFactor":false,"user":{"id":"VXNlcgpnZmI2ZTNlNDdmYzVmNGZmZmEwYzE3NmFiNmMyMmQ2ZTc=","email":"john.doe@ise.fraunhofer.de"},"errors":null}}}
