{"data":{"registerUser":{"user":{"id":"VXNlcgpnODkzNDM5MWYwNTdmNGFmZDhmZjk1ZDNjNjZhZjY1MGU=","email":"john.doe@ise.fraunhofer.de"},"errors":null}}}
