{"data":{"changeUserPassword":{"user":{"id":"VXNlcgpnZDY5MzIzNGUzMGFhNDc4Njk0Njk0NWMzZTFhN2FhYmM=","email":"john.doe@ise.fraunhofer.de"},"errors":[{"code":"PASSWORD_CONFIRMATION_MISMATCH","message":"Password and confirmation password do not match.","path":["input","passwordConfirmation"]}]}}}
