{"data":{"changeUserPassword":{"user":{"id":"VXNlcgpnYzA5YmE0Zjc1NWMwNDc3Yjg1N2E1NzExY2I4NTVkNTc=","email":"john.doe@ise.fraunhofer.de"},"errors":null}}}
