{"data":{"changeUserPassword":{"user":{"id":"VXNlcgpnMjRmMjc3ODM4MmEyNGZkYWJjYjg4ODU1OTQ4MjNmZjc=","email":"john.doe@ise.fraunhofer.de"},"errors":[{"code":"PASSWORD_REQUIRES_NON_ALPHANUMERIC","message":"Passwords must have at least one non alphanumeric character.","path":["input","password"]}]}}}
