{"data":{"changeUserPassword":{"user":{"id":"VXNlcgpnZTA5YWY0MzBkMGQ5NDgwYWJmMDRhNjRkZGMzM2ExMmY=","email":"john.doe@ise.fraunhofer.de"},"errors":[{"code":"PASSWORD_TOO_SHORT","message":"Passwords must be at least 8 characters.","path":["input","password"]}]}}}
