{"data":{"confirmUserEmail":{"user":null,"errors":[{"code":"USER_NOT_FOUND","message":"Unable to load user with email address unknown.user@unknown-provider.org.","path":["input","email"]}]}}}
