{"data":{"confirmUserEmail":{"user":{"id":"VXNlcgpnZGZjZmQxZjA1ZWJiNGE2ZWJlZDc0YjQzYjc0ZDJmYjE=","email":"john.doe@ise.fraunhofer.de"},"errors":null}}}
