{"data":{"confirmUserEmail":{"user":{"id":"VXNlcgpnODljYjFiYWU2YzNjNGE4Y2I1NjNlMmYyYjY1NWE3NmM=","email":"john.doe@ise.fraunhofer.de"},"errors":null}}}
