{"data":{"confirmUserEmailChange":{"user":null,"errors":[{"code":"USER_NOT_FOUND","message":"Unable to load user with email address unknown.john.doe@ise.fraunhofer.de.","path":["input","currentEmail"]}]}}}
