{"data":{"confirmUserEmail":{"user":{"id":"VXNlcgpnNzRkNjQwYjkwMDQxNGJkOThmYzc1NjdkNjgwNWNkNjA=","email":"john.doe@ise.fraunhofer.de"},"errors":null}}}
