{"data":{"confirmUserEmail":{"user":{"id":"VXNlcgpnODM1MzQzMTdmNzJiNDk2NGI1YjFjMTU0ODFkMDIzM2U=","email":"john.doe@ise.fraunhofer.de"},"errors":null}}}
