{"data":{"personalUserData":{"user":null,"errors":[{"code":"UNKNOWN_USER","message":"Unable to load user with identifier 08b27aa8-ba26-409e-b403-6706da25160d.","path":[]}]}}}
