{"data":{"personalUserData":{"user":{"id":"VXNlcgpnNjc2OWM1M2I2ODdhNDJmMmEyZDhhMmFmYjE0MTRmZDQ=","email":"john.doe@ise.fraunhofer.de"},"errors":null}}}
