{"data":{"personalUserData":{"user":{"id":"VXNlcgpnZTVjMGE4YWViYzAyNDMyOTlhNjU5NmU3NDBiY2Y2NTE=","email":"john.doe@ise.fraunhofer.de"},"errors":null}}}
